#
# There is insufficient memory for the Java Runtime Environment to continue.
# Native memory allocation (mmap) failed to map 528482304 bytes for G1 virtual space
# Possible reasons:
#   The system is out of physical RAM or swap space
#   The process is running with CompressedOops enabled, and the Java Heap may be blocking the growth of the native heap
# Possible solutions:
#   Reduce memory load on the system
#   Increase physical memory or swap space
#   Check if swap backing store is full
#   Decrease Java heap size (-Xmx/-Xms)
#   Decrease number of Java threads
#   Decrease Java thread stack sizes (-Xss)
#   Set larger code cache with -XX:ReservedCodeCacheSize=
#   JVM is running with Zero Based Compressed Oops mode in which the Java heap is
#     placed in the first 32GB address space. The Java Heap base address is the
#     maximum limit for the native heap growth. Please use -XX:HeapBaseMinAddress
#     to set the Java Heap base and to place the Java Heap above 32GB virtual address.
# This output file may be truncated or incomplete.
#
#  Out of Memory Error (os_windows.cpp:3603), pid=36848, tid=30444
#
# JRE version:  (21.0.6+8) (build )
# Java VM: Java HotSpot(TM) 64-Bit Server VM (21.0.6+8-LTS-188, mixed mode, emulated-client, sharing, tiered, compressed oops, compressed class ptrs, g1 gc, windows-amd64)
# No core dump will be written. Minidumps are not enabled by default on client versions of Windows
#

---------------  S U M M A R Y ------------

Command Line: -XX:TieredStopAtLevel=1 -Dspring.output.ansi.enabled=always -Dcom.sun.management.jmxremote -Dspring.jmx.enabled=true -Dspring.liveBeansView.mbeanDomain -Dspring.application.admin.enabled=true -Dmanagement.endpoints.jmx.exposure.include=* -javaagent:C:\Program Files\JetBrains\IntelliJ IDEA 2024.2\lib\idea_rt.jar=57080:C:\Program Files\JetBrains\IntelliJ IDEA 2024.2\bin -Dfile.encoding=UTF-8 -Dsun.stdout.encoding=UTF-8 -Dsun.stderr.encoding=UTF-8 kernel.maidlab.MaidlabBeApplication

Host: AMD Ryzen 9 5900HX with Radeon Graphics        , 16 cores, 31G,  Windows 10 , 64 bit Build 19041 (10.0.19041.5915)
Time: Fri Jun 27 15:35:35 2025  Windows 10 , 64 bit Build 19041 (10.0.19041.5915) elapsed time: 0.019655 seconds (0d 0h 0m 0s)

---------------  T H R E A D  ---------------

Current thread (0x0000017c421d4b70):  JavaThread "Unknown thread" [_thread_in_vm, id=30444, stack(0x00000066ddc00000,0x00000066ddd00000) (1024K)]

Stack: [0x00000066ddc00000,0x00000066ddd00000]
Native frames: (J=compiled Java code, j=interpreted, Vv=VM code, C=native code)
V  [jvm.dll+0x6ca6d9]
V  [jvm.dll+0x854f51]
V  [jvm.dll+0x85747e]
V  [jvm.dll+0x857b53]
V  [jvm.dll+0x27dcc6]
V  [jvm.dll+0x6c6e55]
V  [jvm.dll+0x6bb9da]
V  [jvm.dll+0x35393a]
V  [jvm.dll+0x35b596]
V  [jvm.dll+0x3adefe]
V  [jvm.dll+0x3ae1a8]
V  [jvm.dll+0x327cbc]
V  [jvm.dll+0x32881b]
V  [jvm.dll+0x81e309]
V  [jvm.dll+0x3babe1]
V  [jvm.dll+0x807658]
V  [jvm.dll+0x44fdae]
V  [jvm.dll+0x4519a1]
C  [jli.dll+0x52a3]
C  [ucrtbase.dll+0x21bb2]
C  [KERNEL32.DLL+0x17374]
C  [ntdll.dll+0x4cc91]


---------------  P R O C E S S  ---------------

Threads class SMR info:
_java_thread_list=0x00007ffdbe9ccc08, length=0, elements={
}

Java Threads: ( => current thread )
Total: 0

Other Threads:
  0x0000017c4223e870 WorkerThread "GC Thread#0"                     [id=20976, stack(0x00000066ddd00000,0x00000066dde00000) (1024K)]
  0x0000017c4224f350 ConcurrentGCThread "G1 Main Marker"            [id=35964, stack(0x00000066dde00000,0x00000066ddf00000) (1024K)]
  0x0000017c42250400 WorkerThread "G1 Conc#0"                       [id=31304, stack(0x00000066ddf00000,0x00000066de000000) (1024K)]

[error occurred during error reporting (printing all threads), id 0xc0000005, EXCEPTION_ACCESS_VIOLATION (0xc0000005) at pc=0x00007ffdbe13a427]
VM state: not at safepoint (not fully initialized)

VM Mutex/Monitor currently owned by a thread:  ([mutex/lock_event])
[0x00007ffdbea3df98] Heap_lock - owner thread: 0x0000017c421d4b70

Heap address: 0x0000000609800000, size: 8040 MB, Compressed Oops mode: Zero based, Oop shift amount: 3

CDS archive(s) mapped at: [0x0000000000000000-0x0000000000000000-0x0000000000000000), size 0, SharedBaseAddress: 0x0000000800000000, ArchiveRelocationMode: 1.
Narrow klass base: 0x0000000000000000, Narrow klass shift: 0, Narrow klass range: 0x0

GC Precious Log:
 CardTable entry size: 512
 Card Set container configuration: InlinePtr #cards 4 size 8 Array Of Cards #cards 32 size 80 Howl #buckets 8 coarsen threshold 7372 Howl Bitmap #cards 1024 size 144 coarsen threshold 921 Card regions per heap region 1 cards per card region 8192

Heap:
 garbage-first heap   total 0K, used 0K [0x0000000609800000, 0x0000000800000000)
  region size 4096K, 0 young (0K), 0 survivors (0K)

[error occurred during error reporting (printing heap information), id 0xc0000005, EXCEPTION_ACCESS_VIOLATION (0xc0000005) at pc=0x00007ffdbe5236a9]
GC Heap History (0 events):
No events

Dll operation events (1 events):
Event: 0.010 Loaded shared library C:\Program Files\Java\jdk-21\bin\java.dll

Deoptimization events (0 events):
No events

Classes loaded (0 events):
No events

Classes unloaded (0 events):
No events

Classes redefined (0 events):
No events

Internal exceptions (0 events):
No events

ZGC Phase Switch (0 events):
No events

VM Operations (0 events):
No events

Events (0 events):
No events


Dynamic libraries:
0x00007ff709e20000 - 0x00007ff709e30000 	C:\Program Files\Java\jdk-21\bin\java.exe
0x00007ffeb2090000 - 0x00007ffeb2288000 	C:\Windows\SYSTEM32\ntdll.dll
0x00007ffeb1ce0000 - 0x00007ffeb1da2000 	C:\Windows\System32\KERNEL32.DLL
0x00007ffeafc20000 - 0x00007ffeaff16000 	C:\Windows\System32\KERNELBASE.dll
0x00007ffeaf770000 - 0x00007ffeaf870000 	C:\Windows\System32\ucrtbase.dll
0x00007ffe56040000 - 0x00007ffe5605b000 	C:\Program Files\Java\jdk-21\bin\VCRUNTIME140.dll
0x00007ffe11c00000 - 0x00007ffe11c19000 	C:\Program Files\Java\jdk-21\bin\jli.dll
0x00007ffeb05a0000 - 0x00007ffeb0651000 	C:\Windows\System32\ADVAPI32.dll
0x00007ffeb1fb0000 - 0x00007ffeb204e000 	C:\Windows\System32\msvcrt.dll
0x00007ffeb1ab0000 - 0x00007ffeb1b4f000 	C:\Windows\System32\sechost.dll
0x00007ffeb0470000 - 0x00007ffeb0593000 	C:\Windows\System32\RPCRT4.dll
0x00007ffeaffd0000 - 0x00007ffeafff7000 	C:\Windows\System32\bcrypt.dll
0x00007ffeb1e10000 - 0x00007ffeb1fad000 	C:\Windows\System32\USER32.dll
0x00007ffeb0080000 - 0x00007ffeb00a2000 	C:\Windows\System32\win32u.dll
0x00007ffeb1cb0000 - 0x00007ffeb1cdb000 	C:\Windows\System32\GDI32.dll
0x00007ffeafb00000 - 0x00007ffeafc19000 	C:\Windows\System32\gdi32full.dll
0x00007ffe9d860000 - 0x00007ffe9dafa000 	C:\Windows\WinSxS\amd64_microsoft.windows.common-controls_6595b64144ccf1df_6.0.19041.5915_none_60b4b9d171f9c7c7\COMCTL32.dll
0x00007ffeaf870000 - 0x00007ffeaf90d000 	C:\Windows\System32\msvcp_win.dll
0x00007ffea7c30000 - 0x00007ffea7c3a000 	C:\Windows\SYSTEM32\VERSION.dll
0x00007ffeb1c10000 - 0x00007ffeb1c3f000 	C:\Windows\System32\IMM32.DLL
0x00007ffe6d400000 - 0x00007ffe6d40c000 	C:\Program Files\Java\jdk-21\bin\vcruntime140_1.dll
0x00007ffdc1e70000 - 0x00007ffdc1efe000 	C:\Program Files\Java\jdk-21\bin\msvcp140.dll
0x00007ffdbde00000 - 0x00007ffdbeb1a000 	C:\Program Files\Java\jdk-21\bin\server\jvm.dll
0x00007ffeb1c40000 - 0x00007ffeb1cab000 	C:\Windows\System32\WS2_32.dll
0x00007ffea3d80000 - 0x00007ffea3da7000 	C:\Windows\SYSTEM32\WINMM.dll
0x00007ffeaf460000 - 0x00007ffeaf4ab000 	C:\Windows\SYSTEM32\POWRPROF.dll
0x00007ffeaf440000 - 0x00007ffeaf452000 	C:\Windows\SYSTEM32\UMPDC.dll
0x00007ffeadf00000 - 0x00007ffeadf12000 	C:\Windows\SYSTEM32\kernel.appcore.dll
0x00007ffe6d1d0000 - 0x00007ffe6d1da000 	C:\Program Files\Java\jdk-21\bin\jimage.dll
0x00007ffeadc60000 - 0x00007ffeade61000 	C:\Windows\SYSTEM32\DBGHELP.DLL
0x00007ffea4c80000 - 0x00007ffea4cb4000 	C:\Windows\SYSTEM32\dbgcore.DLL
0x00007ffeaf910000 - 0x00007ffeaf992000 	C:\Windows\System32\bcryptPrimitives.dll
0x00007ffe6b3a0000 - 0x00007ffe6b3af000 	C:\Program Files\Java\jdk-21\bin\instrument.dll
0x00007ffe00ee0000 - 0x00007ffe00eff000 	C:\Program Files\Java\jdk-21\bin\java.dll

dbghelp: loaded successfully - version: 4.0.5 - missing functions: none
symbol engine: initialized successfully - sym options: 0x614 - pdb path: .;C:\Program Files\Java\jdk-21\bin;C:\Windows\SYSTEM32;C:\Windows\WinSxS\amd64_microsoft.windows.common-controls_6595b64144ccf1df_6.0.19041.5915_none_60b4b9d171f9c7c7;C:\Program Files\Java\jdk-21\bin\server

VM Arguments:
jvm_args: -XX:TieredStopAtLevel=1 -Dspring.output.ansi.enabled=always -Dcom.sun.management.jmxremote -Dspring.jmx.enabled=true -Dspring.liveBeansView.mbeanDomain -Dspring.application.admin.enabled=true -Dmanagement.endpoints.jmx.exposure.include=* -javaagent:C:\Program Files\JetBrains\IntelliJ IDEA 2024.2\lib\idea_rt.jar=57080:C:\Program Files\JetBrains\IntelliJ IDEA 2024.2\bin -Dfile.encoding=UTF-8 -Dsun.stdout.encoding=UTF-8 -Dsun.stderr.encoding=UTF-8 
java_command: kernel.maidlab.MaidlabBeApplication
java_class_path (initial): C:\Users\Jo\IdeaProjects\KBE5_MAIDLAB_BE\app\build\classes\java\main;C:\Users\Jo\IdeaProjects\KBE5_MAIDLAB_BE\app\build\resources\main;C:\Users\Jo\.gradle\caches\modules-2\files-2.1\org.projectlombok\lombok\1.18.38\57f8f5e02e92a30fd21b80cbd426a4172b5f8e29\lombok-1.18.38.jar;C:\Users\Jo\IdeaProjects\KBE5_MAIDLAB_BE\admin\build\classes\java\main;C:\Users\Jo\IdeaProjects\KBE5_MAIDLAB_BE\admin\build\resources\main;C:\Users\Jo\IdeaProjects\KBE5_MAIDLAB_BE\common\build\classes\java\main;C:\Users\Jo\IdeaProjects\KBE5_MAIDLAB_BE\api\build\classes\java\main;C:\Users\Jo\IdeaProjects\KBE5_MAIDLAB_BE\api\build\resources\main;C:\Users\Jo\.gradle\caches\modules-2\files-2.1\org.springframework.cloud\spring-cloud-starter-openfeign\4.2.0\2f325bbc3a6f60b3ddbd644b110afadf8a39c90b\spring-cloud-starter-openfeign-4.2.0.jar;C:\Users\Jo\.gradle\caches\modules-2\files-2.1\org.springframework.boot\spring-boot-starter-data-jpa\3.4.5\c6ef06dfef1b02f3e3f82d67118d3944672e7d49\spring-boot-starter-data-jpa-3.4.5.jar;C:\Users\Jo\.gradle\caches\modules-2\files-2.1\org.springframework.boot\spring-boot-starter-web\3.4.5\54cb03e8615f0c10cd44b5b7d155af3d0be7d66a\spring-boot-starter-web-3.4.5.jar;C:\Users\Jo\.gradle\caches\modules-2\files-2.1\org.springframework.cloud\spring-cloud-starter\4.2.0\195fa9ee669616aebd5b1a481578ec336cfc1e9f\spring-cloud-starter-4.2.0.jar;C:\Users\Jo\.gradle\caches\modules-2\files-2.1\org.springframework.cloud\spring-cloud-openfeign-core\4.2.0\57ceb14303618008377aec69711a46473ea701c7\spring-cloud-openfeign-core-4.2.0.jar;C:\Users\Jo\.gradle\caches\modules-2\files-2.1\org.springframework\spring-web\6.2.6\17a4f806e877a1064a2442fe7545b0036fb9550f\spring-web-6.2.6.jar;C:\Users\Jo\.gradle\caches\modules-2\files-2.1\org.springframework.cloud\spring-cloud-commons\4.2.0\3ef9d0044e12016527a1d13bc01774f1d1bfa30e\spring-cloud-commons-4.2.0.jar;C:\Users\Jo\.gradle\caches\modules-2\files-2.1\io.github.openfeign\feign-slf4j\13.5\6bba2c17f95fd7a3a4e86f9f0239e1a631c40a4b\feign-slf4j-13.5.jar;C:\Users\Jo\.gradle\caches\modules-2\files-2.1\io.github.openfeign\feign-core\13.5\7e94b76bce24f8028d29fbba7c5f0d59b09a837e\feign-core-13.5.jar;C:\Users\Jo\.gradle\caches\modules-2\files-2.1\org.springframework.boot\spring-boot-starter-jdbc\3.4.5\e361f635454d0694547cc226ece3aa10fde7ff2b\spring-boot-starter-jdbc-3.4.5.jar;C:\Users\Jo\.gradle\caches\modules-2\files-2.1\org.springframework.boot\spring-boot-starter\3.4.5\3b1cd30bd3be52f5fd0c0934882ec86ed4457646\spring-boot-starter-3.4.5.jar;C:\Users\Jo\.gradle\caches\modules-2\files-2.1\org.hibernate.orm\hibernate-core\6.6.13.Final\e7f1b2d53e89b9863dca12cd5f1b261ba413415b\hibernate-core-6.6.13.Final.jar;C:\Users\Jo\.gradle\caches\modules-2\files-2.1\org.springframework.data\spring-data-jpa\3.4.5\40000309bebdc0e4e284211701f039eb5b1fb1a6\spring-data-jpa-3.4.5.jar;C:\Users\Jo\.gradle\caches\modules-2\files-2.1\org.springframework\spring-aspects\6.2.6\2bb7fe48b4fef28af71be32815200c19ac95f783\spring-aspects-6.2.6.jar;C:\Users\Jo\.gradle\caches\modules-2\files-2.1\org.springframework.boot\spring-boot-starter-json\3.4.5\b7a87d4565c99754e0fcf4da405ebe3ab0870c88\spring-boot-starter-json-3.4.5.jar;C:\Users\Jo\.gradle\caches\modules-2\files-2.1\org.springframework\spring-webmvc\6.2.6\48c37c417d00b9dc12e344892b206bbbf67f0945\spring-webmvc-6.2.6.jar;C:\Users\Jo\.gradle\caches\modules-2\files-2.1\org.springframework.boot\spring-boot-starter-tomcat\3.4.5\d3121e25897969409967675c0c450dd3cad45162\spring-boot-starter-tomcat-3.4.5.jar;C:\Users\Jo\.gradle\caches\modules-2\files-2.1\org.springframework.cloud\spring-cloud-context\4.2.0\54e92bae20fad0c5851f1e5a5666129695a13004\spring-cloud-context-4.2.0.jar;C:\Users\Jo\.gradle\caches\modules-2\files-2.1\org.bouncycastle\bcprov-jdk18on\1.78.1\39e9e45359e20998eb79c1828751f94a818d25f8\bcprov-jdk18on-1.78.1.jar;C:\Users\Jo\.gradle\caches\modules-2\files-2.1\io.github.openfeign\feign-form-spring\13.5\3a6139f73fd3d7f7ada8cdfea0ac0d545d1d7539\feign-form-spring-13.5.jar;C:\Users\Jo\.gradle\caches\modules-2\files-2.1\org.springframework.boot\spring-boot-autoconfigure\3.4.5\c44ad60865ca1d0b88e576b0355e755ed28aec52\spring-boot-autoconfigure-3.4.5.jar;C:\Users\Jo\.gradle\caches\modules-2\files-2.1\org.springframework\spring-beans\6.2.6\d43abe3b5765748210c511043b1d4904ca216a9f\spring-beans-6.2.6.jar;C:\Users\Jo\.gradle\caches\modules-2\files-2.1\org.springframework\spring-core\6.2.6\4639dac5fc46cb6a9f6eb2709decfb90313e0f2c\spring-core-6.2.6.jar;C:\Users\Jo\.gradle\caches\modules-2\files-2.1\io.micrometer\micrometer-observation\1.14.6\3ba55114eb3f2b33431ce6cf80c6114cf2b21c9\micrometer-observation-1.14.6.jar;C:\Users\Jo\.gradle\caches\modules-2\files-2.1\org.springframework.security\spring-security-crypto\6.4.5\9d3340a1f6cd975dbb72b22b865119b614c43060\spring-security-crypto-6.4.5.jar;C:\Users\Jo\.gradle\caches\modules-2\files-2.1\org.slf4j\slf4j-api\2.0.17\d9e58ac9c7779ba3bf8142aff6c830617a7fe60f\slf4j-api-2.0.17.jar;C:\Users\Jo\.gradle\caches\modules-2\files-2.1\org.springframework\spring-jdbc\6.2.6\529137b0f92d8cfd13876e6aa8df9088246b4755\spring-jdbc-6.2.6.jar;C:\Users\Jo\.gradle\caches\modules-2\files-2.1\com.zaxxer\HikariCP\5.1.0\8c96e36c14461fc436bb02b264b96ef3ca5dca8c\HikariCP-5.1.0.jar;C:\Users\Jo\.gradle\caches\modules-2\files-2.1\org.springframework.boot\spring-boot\3.4.5\414fcf9f9e0ccb961243d8f36ef8ad6d4040e745\spring-boot-3.4.5.jar;C:\Users\Jo\.gradle\caches\modules-2\files-2.1\org.springframework.boot\spring-boot-starter-logging\3.4.5\f4821c3181ef6dfbbc5305ebf5a3ed2c5493ef14\spring-boot-starter-logging-3.4.5.jar;C:\Users\Jo\.gradle\caches\modules-2\files-2.1\jakarta.annotation\jakarta.annotation-api\2.1.1\48b9bda22b091b1f48b13af03fe36db3be6e1ae3\jakarta.annotation-api-2.1.1.jar;C:\Users\Jo\.gradle\caches\modules-2\files-2.1\org.yaml\snakeyaml\2.3\936b36210e27320f920536f695cf1af210c44586\snakeyaml-2.3.jar;C:\Users\Jo\.gradle\caches\modules-2\files-2.1\jakarta.persistence\jakarta.persistence-api\3.1.0\66901fa1c373c6aff65c13791cc11da72060a8d6\jakarta.persistence-api-3.1.0.jar;C:\Users\Jo\.gradle\caches\modules-2\files-2.1\jakarta.transaction\jakarta.transaction-api\2.0.1\51a520e3fae406abb84e2e1148e6746ce3f80a1a\jakarta.transaction-api-2.0.1.jar;C:\Users\Jo\.gradle\caches\modules-2\files-2.1\org.springframework\spring-orm\6.2.6\b579360aaab1e52ec95d0538cc3c89fa8689485d\spring-orm-6.2.6.jar;C:\Users\Jo\.gradle\caches\modules-2\files-2.1\org.springframework.data\spring-data-commons\3.4.5\bad5044a4d2f322ff939247ff448d4322c6b7d5d\spring-data-commons-3.4.5.jar;C:\Users\Jo\.gradle\caches\modules-2\files-2.1\org.springframework\spring-context\6.2.6\ae08b2ec4a49ab7acb0b5eea7c309363139d54ad\spring-context-6.2.6.jar;C:\Users\Jo\.gradle\caches\modules-2\files-2.1\org.springframework\spring-aop\6.2.6\ab5502a1e9694f2ecd001ecb1ee1fc46b29cfbd9\spring-aop-6.2.6.jar;C:\Users\Jo\.gradle\caches\modules-2\files-2.1\org.springframework\spring-tx\6.2.6\fb46b2d651a6c509625bc6e7e38865137f658eca\spring-tx-6.2.6.jar;C:\Users\Jo\.gradle\caches\modules-2\files-2.1\org.antlr\antlr4-runtime\4.13.0\5a02e48521624faaf5ff4d99afc88b01686af655\antlr4-runtime-4.13.0.jar;C:\Users\Jo\.gradle\caches\modules-2\files-2.1\org.aspectj\aspectjweaver\1.9.24\9b5aeb0cea9f958b9c57fb80e62996e95a3e9379\aspectjweaver-1.9.24.jar;C:\Users\Jo\.gradle\caches\modules-2\files-2.1\com.fasterxml.jackson.datatype\jackson-datatype-jsr310\2.18.3\cc57924cccf42fc852081c36215272f84ffcd991\jackson-datatype-jsr310-2.18.3.jar;C:\Users\Jo\.gradle\caches\modules-2\files-2.1\com.fasterxml.jackson.module\jackson-module-parameter-names\2.18.3\fa63ae5eb3956b1a6d7a7ead2b513af89dea22e7\jackson-module-parameter-names-2.18.3.jar;C:\Users\Jo\.gradle\caches\modules-2\files-2.1\com.fasterxml.jackson.datatype\jackson-datatype-jdk8\2.18.3\621558295660935134b171ce2b0d9ad6842ec2ff\jackson-datatype-jdk8-2.18.3.jar;C:\Users\Jo\.gradle\caches\modules-2\files-2.1\com.fasterxml.jackson.core\jackson-databind\2.18.3\537e3886263e3b3464385040453e92567fd509e2\jackson-databind-2.18.3.jar;C:\Users\Jo\.gradle\caches\modules-2\files-2.1\org.springframework\spring-expression\6.2.6\d9efc768cfda1d97c8fe769a9d50f936eb7f18e2\spring-expression-6.2.6.jar;C:\Users\Jo\.gradle\caches\modules-2\files-2.1\org.apache.tomcat.embed\tomcat-embed-websocket\10.1.40\ffdcf96aa28e77858644f4db100e8de896ba58e3\tomcat-embed-websocket-10.1.40.jar;C:\Users\Jo\.gradle\caches\modules-2\files-2.1\org.apache.tomcat.embed\tomcat-embed-core\10.1.40\fc1c09b726336dc6f7dde0408cebb1a56a3a28d3\tomcat-embed-core-10.1.40.jar;C:\Users\Jo\.gradle\caches\modules-2\files-2.1\org.apache.tomcat.embed\tomcat-embed-el\10.1.40\1b321790508c1d410689b4f496dae18a97fa6ae9\tomcat-embed-el-10.1.40.jar;C:\Users\Jo\.gradle\caches\modules-2\files-2.1\io.github.openfeign\feign-form\13.5\8e77844c9bc63d8ace84ea7b06353e0cebe85fdd\feign-form-13.5.jar;C:\Users\Jo\.gradle\caches\modules-2\files-2.1\commons-fileupload\commons-fileupload\1.5\ad4ad2ab2961b4e1891472bd1a33fabefb0385f3\commons-fileupload-1.5.jar;C:\Users\Jo\.gradle\caches\modules-2\files-2.1\org.springframework\spring-jcl\6.2.6\f4468f33de0015179abb6055964801bc962f8d51\spring-jcl-6.2.6.jar;C:\Users\Jo\.gradle\caches\modules-2\files-2.1\io.micrometer\micrometer-commons\1.14.6\1a6595762c77bd8401cf51aa11bac8e4fa747545\micrometer-commons-1.14.6.jar;C:\Users\Jo\.gradle\caches\modules-2\files-2.1\ch.qos.logback\logback-classic\1.5.18\fc371f3fc97a639de2d67947cffb7518ec5e3d40\logback-classic-1.5.18.jar;C:\Users\Jo\.gradle\caches\modules-2\files-2.1\org.apache.logging.log4j\log4j-to-slf4j\2.24.3\da1143e2a2531ee1c2d90baa98eb50a28a39d5a7\log4j-to-slf4j-2.24.3.jar;C:\Users\Jo\.gradle\caches\modules-2\files-2.1\org.slf4j\jul-to-slf4j\2.0.17\524cb6ccc2b68a57604750e1ab8b13b5a786a6aa\jul-to-slf4j-2.0.17.jar;C:\Users\Jo\.gradle\caches\modules-2\files-2.1\com.fasterxml.jackson.core\jackson-annotations\2.18.3\7fa21cf7da4598f8240e4ebd9779249622af1acd\jackson-annotations-2.18.3.jar;C:\Users\Jo\.gradle\caches\modules-2\files-2.1\com.fasterxml.jackson.core\jackson-core\2.18.3\78f80c259268200e588aa204dd97ecf09b76916e\jackson-core-2.18.3.jar;C:\Users\Jo\.gradle\caches\modules-2\files-2.1\commons-io\commons-io\2.11.0\a2503f302b11ebde7ebc3df41daebe0e4eea3689\commons-io-2.11.0.jar;C:\Users\Jo\.gradle\caches\modules-2\files-2.1\ch.qos.logback\logback-core\1.5.18\6c0375624f6f36b4e089e2488ba21334a11ef13f\logback-core-1.5.18.jar;C:\Users\Jo\.gradle\caches\modules-2\files-2.1\org.apache.logging.log4j\log4j-api\2.24.3\b02c125db8b6d295adf72ae6e71af5d83bce2370\log4j-api-2.24.3.jar;C:\Users\Jo\.gradle\caches\modules-2\files-2.1\com.mysql\mysql-connector-j\9.1.0\5fb1d513278e1a9767dfa80ea9d8d7ee909f1a\mysql-connector-j-9.1.0.jar;C:\Users\Jo\.gradle\caches\modules-2\files-2.1\org.springdoc\springdoc-openapi-starter-webmvc-ui\2.7.0\4426174e7fa7428a1c5f2edbd352c89e3e6b9794\springdoc-openapi-starter-webmvc-ui-2.7.0.jar;C:\Users\Jo\.gradle\caches\modules-2\files-2.1\io.jsonwebtoken\jjwt-impl\0.11.5\40a599f0e8a8e4e0701596fbb15e67bfda64fdf0\jjwt-impl-0.11.5.jar;C:\Users\Jo\.gradle\caches\modules-2\files-2.1\io.jsonwebtoken\jjwt-jackson\0.11.5\3b83a06809e98a69402d7333dcf67df6f6ea4579\jjwt-jackson-0.11.5.jar;C:\Users\Jo\.gradle\caches\modules-2\files-2.1\io.jsonwebtoken\jjwt-api\0.11.5\f742940045619d06383e7df37b21ac422b476cf1\jjwt-api-0.11.5.jar;C:\Users\Jo\.gradle\caches\modules-2\files-2.1\com.querydsl\querydsl-jpa\5.1.0\f44ee79a324cf92d6821eca736b2028e69542050\querydsl-jpa-5.1.0-jakarta.jar;C:\Users\Jo\.gradle\caches\modules-2\files-2.1\org.springframework.boot\spring-boot-starter-data-redis\3.4.5\62116f822da7b6bd16ddcb26bc21cc40482ccd47\spring-boot-starter-data-redis-3.4.5.jar;C:\Users\Jo\.gradle\caches\modules-2\files-2.1\software.amazon.awssdk\s3\2.31.48\5736ffd763c647189a81024b92849849a8155d0\s3-2.31.48.jar;C:\Users\Jo\.gradle\caches\modules-2\files-2.1\software.amazon.awssdk\auth\2.31.48\654d00ab4e462a45e85b020b5bbbede1b08a0bd6\auth-2.31.48.jar;C:\Users\Jo\.gradle\caches\modules-2\files-2.1\org.mindrot\jbcrypt\0.4\af7e61017f73abb18ac4e036954f9f28c6366c07\jbcrypt-0.4.jar;C:\Users\Jo\.gradle\caches\modules-2\files-2.1\com.querydsl\querydsl-core\5.1.0\be322c3fe98de8e7c204afb8860bfabd81a3bafd\querydsl-core-5.1.0.jar;C:\Users\Jo\.gradle\caches\modules-2\files-2.1\org.springdoc\springdoc-openapi-starter-webmvc-api\2.7.0\37d5234d1fd470918775569ebe240e18c367340f\springdoc-openapi-starter-webmvc-api-2.7.0.jar;C:\Users\Jo\.gradle\caches\modules-2\files-2.1\org.webjars\swagger-ui\5.18.2\368118833fc82beedbc17783972c836aa22e0872\swagger-ui-5.18.2.jar;C:\Users\Jo\.gradle\caches\modules-2\files-2.1\org.webjars\webjars-locator-lite\1.0.1\b4389136604123d4fe4199cc29b94a33206996bc\webjars-locator-lite-1.0.1.jar;C:\Users\Jo\.gradle\caches\modules-2\files-2.1\org.springframework.data\spring-data-redis\3.4.5\937b09e58acd3790a01d06f46280f81d34ab4160\spring-data-redis-3.4.5.jar;C:\Users\Jo\.gradle\caches\modules-2\files-2.1\io.lettuce\lettuce-core\6.4.2.RELEASE\8969c20697c74b71288d4d5e69b0fec4047d3d6d\lettuce-core-6.4.2.RELEASE.jar;C:\Users\Jo\.gradle\caches\modules-2\files-2.1\software.amazon.awssdk\aws-xml-protocol\2.31.48\3f552c18b35dea040df73ea4356acb4d05439b76\aws-xml-protocol-2.31.48.jar;C:\Users\Jo\.gradle\caches\modules-2\files-2.1\software.amazon.awssdk\aws-core\2.31.48\3474f40b4c7fb43522597e5b78918bd0b03649b9\aws-core-2.31.48.jar;C:\Users\Jo\.gradle\caches\modules-2\files-2.1\software.amazon.awssdk\protocol-core\2.31.48\69d942f7a369db7fa2bf8c608732eae87d03c1f5\protocol-core-2.31.48.jar;C:\Users\Jo\.gradle\caches\modules-2\files-2.1\software.amazon.awssdk\arns\2.31.48\6fcce0326aa4895be295bde6c09b06a2966007a1\arns-2.31.48.jar;C:\Users\Jo\.gradle\caches\modules-2\files-2.1\software.amazon.awssdk\regions\2.31.48\971ea08b2830c4405cb3230fa00e45ff17210310\regions-2.31.48.jar;C:\Users\Jo\.gradle\caches\modules-2\files-2.1\software.amazon.awssdk\sdk-core\2.31.48\cb70728e67517477d1f6cec6514957e18529f399\sdk-core-2.31.48.jar;C:\Users\Jo\.gradle\caches\modules-2\files-2.1\software.amazon.awssdk\profiles\2.31.48\e3ccfc0fe37a21eaf62d68f56e02043923d4211b\profiles-2.31.48.jar;C:\Users\Jo\.gradle\caches\modules-2\files-2.1\software.amazon.awssdk\crt-core\2.31.48\1942aaa62afa7f518eb69400421e4a96491163c0\crt-core-2.31.48.jar;C:\Users\Jo\.gradle\caches\modules-2\files-2.1\software.amazon.awssdk\http-auth\2.31.48\b04eb8d583dd0a25552c39fbc2733d99023d3cc8\http-auth-2.31.48.jar;C:\Users\Jo\.gradle\caches\modules-2\files-2.1\software.amazon.awssdk\http-auth-aws\2.31.48\a90d7e73bdbdf9598c18d5f42be04f0e3e3cf9b0\http-auth-aws-2.31.48.jar;C:\Users\Jo\.gradle\caches\modules-2\files-2.1\software.amazon.awssdk\http-auth-spi\2.31.48\27002a92b12ebcc6dac4d866833ec01dcd805df8\http-auth-spi-2.31.48.jar;C:\Users\Jo\.gradle\caches\modules-2\files-2.1\software.amazon.awssdk\identity-spi\2.31.48\3ad57f710a1ea74e3dcc4fb5d21ef7162a0c5913\identity-spi-2.31.48.jar;C:\Users\Jo\.gradle\caches\modules-2\files-2.1\software.amazon.awssdk\checksums\2.31.48\ee3567007e31b5c46b87ff3195c3942da4aebc28\checksums-2.31.48.jar;C:\Users\Jo\.gradle\caches\modules-2\files-2.1\software.amazon.awssdk\checksums-spi\2.31.48\9363f9eeba40d658682aedaf37967990d2782aff\checksums-spi-2.31.48.jar;C:\Users\Jo\.gradle\caches\modules-2\files-2.1\software.amazon.awssdk\retries-spi\2.31.48\8bc8fb76a1732e38cbbc650ccf17516e0e50c421\retries-spi-2.31.48.jar;C:\Users\Jo\.gradle\caches\modules-2\files-2.1\software.amazon.awssdk\apache-client\2.31.48\bf9a882b4fc73ef57c9d987ff4ad74e2b110a847\apache-client-2.31.48.jar;C:\Users\Jo\.gradle\caches\modules-2\files-2.1\software.amazon.awssdk\netty-nio-client\2.31.48\2e10d5b7f11fe83df86df09faa8c8d3711f83f03\netty-nio-client-2.31.48.jar;C:\Users\Jo\.gradle\caches\modules-2\files-2.1\software.amazon.awssdk\http-client-spi\2.31.48\5d493c82356087648c1ce4cf2282656850827796\http-client-spi-2.31.48.jar;C:\Users\Jo\.gradle\caches\modules-2\files-2.1\software.amazon.awssdk\metrics-spi\2.31.48\ce850631b750482080d8ee147d1a7db3b53b2fae\metrics-spi-2.31.48.jar;C:\Users\Jo\.gradle\caches\modules-2\files-2.1\software.amazon.awssdk\json-utils\2.31.48\682af0d0b870cbb78bd3b1dd24a310b494630aea\json-utils-2.31.48.jar;C:\Users\Jo\.gradle\caches\modules-2\files-2.1\software.amazon.awssdk\utils\2.31.48\afc615d920ff2572116dc4aaadeb0f60d7653b42\utils-2.31.48.jar;C:\Users\Jo\.gradle\caches\modules-2\files-2.1\software.amazon.awssdk\endpoints-spi\2.31.48\3f575a3ce33a2342739959b226c9b8f9861571d9\endpoints-spi-2.31.48.jar;C:\Users\Jo\.gradle\caches\modules-2\files-2.1\software.amazon.awssdk\annotations\2.31.48\65d051a15dca0c39106d63b1b27855a40d518b\annotations-2.31.48.jar;C:\Users\Jo\.gradle\caches\modules-2\files-2.1\software.amazon.awssdk\http-auth-aws-eventstream\2.31.48\f44c0b8c469dea0f44b57c73633f17cdb3212329\http-auth-aws-eventstream-2.31.48.jar;C:\Users\Jo\.gradle\caches\modules-2\files-2.1\software.amazon.eventstream\eventstream\1.0.1\6ff8649dffc5190366ada897ba8525a836297784\eventstream-1.0.1.jar;C:\Users\Jo\.gradle\caches\modules-2\files-2.1\com.mysema.commons\mysema-commons-lang\0.2.4\d09c8489d54251a6c22fbce804bdd4a070557317\mysema-commons-lang-0.2.4.jar;C:\Users\Jo\.gradle\caches\modules-2\files-2.1\org.jboss.logging\jboss-logging\3.6.1.Final\886afbb445b4016a37c8960a7aef6ebd769ce7e5\jboss-logging-3.6.1.Final.jar;C:\Users\Jo\.gradle\caches\modules-2\files-2.1\org.hibernate.common\hibernate-commons-annotations\7.0.3.Final\e183c4be8bb41d12e9f19b374e00c34a0a85f439\hibernate-commons-annotations-7.0.3.Final.jar;C:\Users\Jo\.gradle\caches\modules-2\files-2.1\io.smallrye\jandex\3.2.0\f17ad860f62a08487b9edabde608f8ac55c62fa7\jandex-3.2.0.jar;C:\Users\Jo\.gradle\caches\modules-2\files-2.1\com.fasterxml\classmate\1.7.0\e98374da1f2143ac8e6e0a95036994bb19137a3\classmate-1.7.0.jar;C:\Users\Jo\.gradle\caches\modules-2\files-2.1\net.bytebuddy\byte-buddy\1.15.11\f61886478e0f9ee4c21d09574736f0ff45e0a46c\byte-buddy-1.15.11.jar;C:\Users\Jo\.gradle\caches\modules-2\files-2.1\org.glassfish.jaxb\jaxb-runtime\4.0.5\ca84c2a7169b5293e232b9d00d1e4e36d4c3914a\jaxb-runtime-4.0.5.jar;C:\Users\Jo\.gradle\caches\modules-2\files-2.1\jakarta.xml.bind\jakarta.xml.bind-api\4.0.2\6cd5a999b834b63238005b7144136379dc36cad2\jakarta.xml.bind-api-4.0.2.jar;C:\Users\Jo\.gradle\caches\modules-2\files-2.1\jakarta.inject\jakarta.inject-api\2.0.1\4c28afe1991a941d7702fe1362c365f0a8641d1e\jakarta.inject-api-2.0.1.jar;C:\Users\Jo\.gradle\caches\modules-2\files-2.1\org.springdoc\springdoc-openapi-starter-common\2.7.0\bba119cebeab38aa8ba9a506d76bd611407348c1\springdoc-openapi-starter-common-2.7.0.jar;C:\Users\Jo\.gradle\caches\modules-2\files-2.1\org.jspecify\jspecify\1.0.0\7425a601c1c7ec76645a78d22b8c6a627edee507\jspecify-1.0.0.jar;C:\Users\Jo\.gradle\caches\modules-2\files-2.1\org.springframework.data\spring-data-keyvalue\3.4.5\efc4330b8ff91e76750042b8f7a0dae276912a32\spring-data-keyvalue-3.4.5.jar;C:\Users\Jo\.gradle\caches\modules-2\files-2.1\org.springframework\spring-context-support\6.2.6\e4d6f186e074dd3071906661637406554e4ecfcf\spring-context-support-6.2.6.jar;C:\Users\Jo\.gradle\caches\modules-2\files-2.1\org.springframework\spring-oxm\6.2.6\b5d94c0552ad63802454d248bddfe976617064a0\spring-oxm-6.2.6.jar;C:\Users\Jo\.gradle\caches\modules-2\files-2.1\io.projectreactor\reactor-core\3.7.5\2ffb9b7043593da9a80b91f14cc30f4914183f3a\reactor-core-3.7.5.jar;C:\Users\Jo\.gradle\caches\modules-2\files-2.1\io.netty\netty-handler\4.1.119.Final\a0059b8d779ce566b524efd6d73ba4fcff3cd5d9\netty-handler-4.1.119.Final.jar;C:\Users\Jo\.gradle\caches\modules-2\files-2.1\io.netty\netty-transport\4.1.119.Final\d05df879054297962d056b77460fc4ff20e30073\netty-transport-4.1.119.Final.jar;C:\Users\Jo\.gradle\caches\modules-2\files-2.1\io.netty\netty-common\4.1.119.Final\2f7c360b03c0aceab7efc1f7c2b75274f0f35909\netty-common-4.1.119.Final.jar;C:\Users\Jo\.gradle\caches\modules-2\files-2.1\software.amazon.awssdk\aws-query-protocol\2.31.48\7e81a84e57120ff890eb975ef64bc336f89697f\aws-query-protocol-2.31.48.jar;C:\Users\Jo\.gradle\caches\modules-2\files-2.1\software.amazon.awssdk\retries\2.31.48\82179327f425fe177889176a507c5f0fe6d61c41\retries-2.31.48.jar;C:\Users\Jo\.gradle\caches\modules-2\files-2.1\org.reactivestreams\reactive-streams\1.0.4\3864a1320d97d7b045f729a326e1e077661f31b7\reactive-streams-1.0.4.jar;C:\Users\Jo\.gradle\caches\modules-2\files-2.1\org.apache.httpcomponents\httpclient\4.5.13\e5f6cae5ca7ecaac1ec2827a9e2d65ae2869cada\httpclient-4.5.13.jar;C:\Users\Jo\.gradle\caches\modules-2\files-2.1\org.apache.httpcomponents\httpcore\4.4.16\51cf043c87253c9f58b539c9f7e44c8894223850\httpcore-4.4.16.jar;C:\Users\Jo\.gradle\caches\modules-2\files-2.1\commons-codec\commons-codec\1.17.2\cd6bb9d856db5f61871a94d5801efd0b93b7fcb2\commons-codec-1.17.2.jar;C:\Users\Jo\.gradle\caches\modules-2\files-2.1\io.netty\netty-codec-http2\4.1.119.Final\648b066861723b60635bef2047229ed73d0cbd04\netty-codec-http2-4.1.119.Final.jar;C:\Users\Jo\.gradle\caches\modules-2\files-2.1\io.netty\netty-codec-http\4.1.119.Final\23196984df6083cc39bef22a54c6cf5b157f3824\netty-codec-http-4.1.119.Final.jar;C:\Users\Jo\.gradle\caches\modules-2\files-2.1\io.netty\netty-codec\4.1.119.Final\337ca8e8c3ef23925e02d56347b414d7616d1d02\netty-codec-4.1.119.Final.jar;C:\Users\Jo\.gradle\caches\modules-2\files-2.1\io.netty\netty-transport-classes-epoll\4.1.119.Final\1d2d986ae0615d50f5cee338f0e9e73f46e8158\netty-transport-classes-epoll-4.1.119.Final.jar;C:\Users\Jo\.gradle\caches\modules-2\files-2.1\io.netty\netty-buffer\4.1.119.Final\5864149b2e5a2af7b05fe9e9dc3e4b70d3060a7c\netty-buffer-4.1.119.Final.jar;C:\Users\Jo\.gradle\caches\modules-2\files-2.1\io.netty\netty-resolver\4.1.119.Final\e1f7c90aff71bdf0e2294a200b5f89244f88dcf7\netty-resolver-4.1.119.Final.jar;C:\Users\Jo\.gradle\caches\modules-2\files-2.1\software.amazon.awssdk\third-party-jackson-core\2.31.48\fe9c01c7d4c6210d03cb9efa051c56df203fba09\third-party-jackson-core-2.31.48.jar;C:\Users\Jo\.gradle\caches\modules-2\files-2.1\org.glassfish.jaxb\jaxb-core\4.0.5\7b4b11ea5542eea4ad55e1080b23be436795b3\jaxb-core-4.0.5.jar;C:\Users\Jo\.gradle\caches\modules-2\files-2.1\jakarta.activation\jakarta.activation-api\2.1.3\fa165bd70cda600368eee31555222776a46b881f\jakarta.activation-api-2.1.3.jar;C:\Users\Jo\.gradle\caches\modules-2\files-2.1\io.swagger.core.v3\swagger-core-jakarta\2.2.25\83eceb1d4af30f9131b0e0c607b83b2c921c2525\swagger-core-jakarta-2.2.25.jar;C:\Users\Jo\.gradle\caches\modules-2\files-2.1\io.netty\netty-transport-native-unix-common\4.1.119.Final\55afdeb456bccf8eecb06431f3c1537269afe9af\netty-transport-native-unix-common-4.1.119.Final.jar;C:\Users\Jo\.gradle\caches\modules-2\files-2.1\commons-logging\commons-logging\1.2\4bfc12adfe4842bf07b657f0369c4cb522955686\commons-logging-1.2.jar;C:\Users\Jo\.gradle\caches\modules-2\files-2.1\org.eclipse.angus\angus-activation\2.0.2\41f1e0ddd157c856926ed149ab837d110955a9fc\angus-activation-2.0.2.jar;C:\Users\Jo\.gradle\caches\modules-2\files-2.1\org.glassfish.jaxb\txw2\4.0.5\f36a4ef12120a9bb06d766d6a0e54b144fd7ed98\txw2-4.0.5.jar;C:\Users\Jo\.gradle\caches\modules-2\files-2.1\com.sun.istack\istack-commons-runtime\4.1.2\18ec117c85f3ba0ac65409136afa8e42bc74e739\istack-commons-runtime-4.1.2.jar;C:\Users\Jo\.gradle\caches\modules-2\files-2.1\io.swagger.core.v3\swagger-models-jakarta\2.2.25\abfe0fce84b0d8d8371f52405816a30cdba64493\swagger-models-jakarta-2.2.25.jar;C:\Users\Jo\.gradle\caches\modules-2\files-2.1\com.fasterxml.jackson.dataformat\jackson-dataformat-yaml\2.18.3\66658356a375664262c227dad09adc51dbc09c54\jackson-dataformat-yaml-2.18.3.jar;C:\Users\Jo\.gradle\caches\modules-2\files-2.1\org.apache.commons\commons-lang3\3.17.0\b17d2136f0460dcc0d2016ceefca8723bdf4ee70\commons-lang3-3.17.0.jar;C:\Users\Jo\.gradle\caches\modules-2\files-2.1\io.swagger.core.v3\swagger-annotations-jakarta\2.2.25\6d8682e3c878769b2658397dacbd2474602487dc\swagger-annotations-jakarta-2.2.25.jar;C:\Users\Jo\.gradle\caches\modules-2\files-2.1\jakarta.validation\jakarta.validation-api\3.0.2\92b6631659ba35ca09e44874d3eb936edfeee532\jakarta.validation-api-3.0.2.jar
Launcher Type: SUN_STANDARD

[Global flags]
     intx CICompilerCount                          = 12                                        {product} {ergonomic}
     uint ConcGCThreads                            = 3                                         {product} {ergonomic}
     uint G1ConcRefinementThreads                  = 13                                        {product} {ergonomic}
   size_t G1HeapRegionSize                         = 4194304                                   {product} {ergonomic}
    uintx GCDrainStackTargetSize                   = 64                                        {product} {ergonomic}
   size_t InitialHeapSize                          = 528482304                                 {product} {ergonomic}
     bool ManagementServer                         = true                                      {product} {command line}
   size_t MarkStackSize                            = 4194304                                   {product} {ergonomic}
   size_t MaxHeapSize                              = 8430551040                                {product} {ergonomic}
   size_t MinHeapDeltaBytes                        = 4194304                                   {product} {ergonomic}
   size_t MinHeapSize                              = 8388608                                   {product} {ergonomic}
    uintx NonNMethodCodeHeapSize                   = 4096                                   {pd product} {ergonomic}
    uintx NonProfiledCodeHeapSize                  = 0                                      {pd product} {ergonomic}
     bool ProfileInterpreter                       = false                                  {pd product} {command line}
    uintx ProfiledCodeHeapSize                     = 0                                      {pd product} {ergonomic}
   size_t SoftMaxHeapSize                          = 8430551040                             {manageable} {ergonomic}
     intx TieredStopAtLevel                        = 1                                         {product} {command line}
     bool UseCompressedOops                        = true                           {product lp64_product} {ergonomic}
     bool UseG1GC                                  = true                                      {product} {ergonomic}
     bool UseLargePagesIndividualAllocation        = false                                  {pd product} {ergonomic}

Logging:
Log output configuration:
 #0: stdout all=warning uptime,level,tags foldmultilines=false
 #1: stderr all=off uptime,level,tags foldmultilines=false

Environment Variables:
JAVA_HOME=C:\Program Files\Java\jdk-21
PATH=C:\Program Files\Common Files\Oracle\Java\javapath;C:\Program Files (x86)\Common Files\Intel\Shared Libraries\redist\intel64\compiler;C:\Program Files\Eclipse Adoptium\jdk-17.0.1.12-hotspot\bin;C:\Windows\system32;C:\Windows;C:\Windows\System32\Wbem;C:\Windows\System32\WindowsPowerShell\v1.0\;C:\Windows\System32\OpenSSH\;C:\Program Files (x86)\NVIDIA Corporation\PhysX\Common;C:\Program Files\Git\cmd;C:\Program Files (x86)\GnuWin32\bin;C:\MinGW\bin;C:\Program Files\dotnet\;C:\MinGW\bin;C:\Program Files\nodejs\;C:\Program Files\Amazon\AWSCLIV2\;C:\Program Files\Docker\Docker\resources\bin;C:\Program Files\NVIDIA Corporation\NVIDIA app\NvDLISR;C:\Users\Jo\AppData\Local\Microsoft\WindowsApps;C:\Users\Jo\AppData\Local\Programs\Microsoft VS Code\bin;C:\Program Files\Bandizip\;C:\Program Files\qemu;C:\Windows\System32;C:\Users\Jo\.dotnet\tools;C:\Program Files\JetBrains\PyCharm Community Edition 2022.2.1\bin;;C:\Program Files\Tesseract-OCR;C:\Users\Jo\AppData\Roaming\npm;C:\Users\Jo\AppData\Local\afreeca;C:\Program Files\JetBrains\PyCharm 2023.3.3\bin;;C:\Program Files\JetBrains\IntelliJ IDEA 2024.2\bin;;C:\Users\Jo\AppData\Local\Programs\cursor\resources\app\bin;C:\Users\Jo\.bun\bin
USERNAME=Jo
OS=Windows_NT
PROCESSOR_IDENTIFIER=AMD64 Family 25 Model 80 Stepping 0, AuthenticAMD
TMP=C:\Users\Jo\AppData\Local\Temp
TEMP=C:\Users\Jo\AppData\Local\Temp




Periodic native trim disabled

---------------  S Y S T E M  ---------------

OS:
 Windows 10 , 64 bit Build 19041 (10.0.19041.5915)
OS uptime: 0 days 8:51 hours
Hyper-V role detected

CPU: total 16 (initial active 16) (16 cores per cpu, 2 threads per core) family 25 model 80 stepping 0 microcode 0x0, cx8, cmov, fxsr, ht, mmx, 3dnowpref, sse, sse2, sse3, ssse3, sse4a, sse4.1, sse4.2, popcnt, lzcnt, tsc, tscinvbit, avx, avx2, aes, erms, clmul, bmi1, bmi2, adx, sha, fma, vzeroupper, clflush, clflushopt, hv, rdtscp, rdpid, fsrm, f16c, cet_ss
Processor Information for all 16 processors :
  Max Mhz: 3301, Current Mhz: 3301, Mhz Limit: 3301

Memory: 4k page, system-wide physical 32158M (4075M free)
TotalPageFile size 40350M (AvailPageFile size 500M)
current process WorkingSet (physical memory assigned to process): 11M, peak: 11M
current process commit charge ("private bytes"): 66M, peak: 570M

vm_info: Java HotSpot(TM) 64-Bit Server VM (21.0.6+8-LTS-188) for windows-amd64 JRE (21.0.6+8-LTS-188), built on 2024-12-03T10:50:54Z by "mach5one" with MS VC++ 17.6 (VS2022)

END.
